// Jest Snapshot v1, https://goo.gl/fbAQLP

exports[`Carousel snapshot renders 1`] = `
<h3>
  Loading...
</h3>
`;
